// Jest Snapshot v1, https://goo.gl/fbAQLP

exports[`Tests para el componente GifGridApp debe mostrar GifGridApp correctamente 1`] = `
<div>
  <h3 />
  <div
    className="card-grid "
  >
    <p
      className="animate__animated animate__bounce"
    >
      Loading chaval
    </p>
  </div>
</div>
`;
